SpYNNakerNeuronGraphNetworkSpecificationReport skipped as cfg Reports:write_network_graph is False
Network Specification report took 0:00:00.000296 
Splitter reset took 0:00:00.000006 
Spynnaker splitter selector took 0:00:00.000115 
DelaySupportAdder took 0:00:00.000188 
Splitter partitioner took 0:00:00.000642 
Machine generator took 0:00:00.215523 
Json machine skipped as cfg Reports:write_json_machine is False
Board chip report took 0:00:00.000426 
Command Sender Adder took 0:00:00.000092 
Split Live Gather Vertices took 0:00:00.000013 
Insert chip power monitors skipped as cfg Reports:write_energy_report is False
Insert extra monitor vertices took 0:00:00.000010 
Partitioner report took 0:00:00.000300 
Local TDMA builder took 0:00:00.000037 
Application Placer took 0:00:00.000290 
Placements wth application graph report took 0:00:00.000744 
Json placements skipped as cfg Reports:write_json_placements is False
System multicast routing generator took 0:00:00.000192 
Fixed route router took 0:00:00.000116 
Application Router took 0:00:00.000273 
Basic tag allocator took 0:00:00.000132 
Tag allocator report took 0:00:00.000281 
Zoned routing info allocator took 0:00:00.000230 
Router info report took 0:00:00.000307 
Merged routing table generator took 0:00:00.000113 
Uncompressed routing table report took 0:00:00.000405 
Router report skipped as cfg Reports:write_router_reports is False
Router summary report skipped as cfg Reports:write_router_summary_report is False
Json routing tables skipped as cfg Reports:write_json_routing_tables is False
Locate executable start type took 0:00:00.000041 
Buffer manager creator took 0:00:00.000019 
Write Neo Metadata took 0:00:00.012559 
Record vertex labels to database took 0:00:00.002060 
Routing setup took 0:00:00.001694 
Graph binary gatherer took 0:00:00.000410 
Pair on chip router compression skipped as Tables already small enough
SDRAM outgoing partition allocator took 0:00:00.000088 
Graph data specification writer took 0:00:00.048050 
Control Sync took 0:00:00.000666 
Load fixed routes took 0:00:00.029332 
Load system data specification took 0:00:00.113638 
Load executable system Images took 0:00:00.207103 
Tags Loader took 0:00:00.053005 
Load Application data specification took 0:00:00.407624 
Neuron expander took 0:00:00.570434 
Synapse expander took 0:00:00.579187 
Finish connection holders took 0:00:00.000177 
Routing table loader took 0:00:00.040105 
Bitfield compressor report skipped as cfg Reports:write_bit_field_compressor_report is False
Tags from machine report took 0:00:00.002113 
Memory report skipped as cfg Reports:write_memory_map_report is False
Memory report skipped as cfg Reports:write_memory_map_report is False
Compressor report took 0:00:00.002566 
Fixed route report took 0:00:00.001645 
Load executable app images took 0:00:00.113098 
Sdram usage per chip report took 0:00:00.000983 
Drift report skipped as cfg Reports:write_drift_report_start is False
Create database interface took 0:00:00.036703 
Create notification protocol took 0:00:00.000816 
Runtime Update took 0:00:00.021404 
Application runner took 0:00:00.378478 
Extract IO buff skipped as cfg Reports:extract_iobuf is False
Buffer extractor took 0:00:00.022045 
Clear IO buffer took 0:00:00.000322 
Graph provenance gatherer took 0:00:00.011299 
Placements provenance gatherer took 0:00:00.357928 
Router provenance gatherer took 0:00:00.034814 
Profile data gatherer took 0:00:00.071016 
Energy report skipped as cfg Reports:write_energy_report is False
Redundant packet count report took 0:00:00.009664 
Drift report skipped as cfg Reports:write_drift_report_end is False
Control Sync took 0:00:00.000285 
