        Memory Usage by Core
        ====================

Generated: Wed Sep 20 18:01:14 2023 for target machine '192.168.1.253'

Planned by partitioner
----------------------
Based on 1000 timesteps

SDRAM reqs for core (0,0,2) is 477 KB (488476 bytes) for Placement(vertex=SYSTEM:ExtraMonitor, x=0, y=0, p=2)
SDRAM reqs for core (0,1,1) is 477 KB (488476 bytes) for Placement(vertex=SYSTEM:ExtraMonitor, x=0, y=1, p=1)
SDRAM reqs for core (1,0,1) is 477 KB (488476 bytes) for Placement(vertex=SYSTEM:ExtraMonitor, x=1, y=0, p=1)
SDRAM reqs for core (1,1,1) is 477 KB (488476 bytes) for Placement(vertex=SYSTEM:ExtraMonitor, x=1, y=1, p=1)
SDRAM reqs for core (0,0,1) is 466 KB (477250 bytes) for Placement(vertex=SYSTEM:PacketGatherer(0,0), x=0, y=0, p=1)
SDRAM reqs for core (0,0,3) is 10 KB (10522.0 bytes) for Placement(vertex=SpikeSourceArrayVertex_1(0:0), x=0, y=0, p=3)
SDRAM reqs for core (0,0,4) is 10 KB (10522.0 bytes) for Placement(vertex=SpikeSourceArrayVertex_2(0:0), x=0, y=0, p=4)
SDRAM reqs for core (0,0,5) is 22 KB (23004.0 bytes) for Placement(vertex=latch(0:1), x=0, y=0, p=5)
**** Chip: (0, 0) has total memory usage of 986 KB (1009774.0 bytes) out of a max of 120575 KB (123469792 bytes)

**** Chip: (0, 1) has total memory usage of 477 KB (488476 bytes) out of a max of 120575 KB (123469792 bytes)

**** Chip: (1, 0) has total memory usage of 477 KB (488476 bytes) out of a max of 120575 KB (123469792 bytes)

**** Chip: (1, 1) has total memory usage of 477 KB (488476 bytes) out of a max of 120575 KB (123469792 bytes)


Actual space reserved on the machine
----------------------
Based on 3062500 timesteps

 core (0,0,2) Constant 488476 bytes
 core (0,1,1) Constant 488476 bytes
 core (1,0,1) Constant 488476 bytes
 core (1,1,1) Constant 488476 bytes
 core (0,0,1) Constant 477250 bytes
 core (0,0,3) Fixed 522 bytes Per_timestep 10.0 bytes for a total of 30625522.0
 core (0,0,4) Fixed 522 bytes Per_timestep 10.0 bytes for a total of 30625522.0
 core (0,0,5) Fixed 3004 bytes Per_timestep 20.0 bytes for a total of 61253004.0
     18: Fixed 16 bytes Per_timestep 20.0 bytes for a total of 61250016.0
     0: Constant 412 bytes
     15: Constant 124 bytes
     10: Constant 112 bytes
     11: Constant 4 bytes
     1: Constant 36 bytes
     2: Constant 124 bytes
     3: Constant 4 bytes
     9: Constant 68 bytes
     13: Constant 1108 bytes
     16: Constant 124 bytes
     4: Constant 36 bytes
     7: Constant 0 bytes
     8: Constant 0 bytes
     6: Constant 128 bytes
     5: Constant 84 bytes
     12: Constant 508 bytes
     14: Constant 116 bytes
**** Chip: (0, 0) has total memory usage of 120575 KB (123469774.0 bytes) out of a max of 120575 KB (123469792 bytes)

**** Chip: (0, 1) has total memory usage of 477 KB (488476 bytes) out of a max of 120575 KB (123469792 bytes)

**** Chip: (1, 0) has total memory usage of 477 KB (488476 bytes) out of a max of 120575 KB (123469792 bytes)

**** Chip: (1, 1) has total memory usage of 477 KB (488476 bytes) out of a max of 120575 KB (123469792 bytes)

