        Memory Usage by Core
        ====================

Generated: Thu Sep 21 15:42:34 2023 for target machine '192.168.1.253'

Planned by partitioner
----------------------
Based on 1000 timesteps

SDRAM reqs for core (0,0,2) is 477 KB (488476 bytes) for Placement(vertex=SYSTEM:ExtraMonitor, x=0, y=0, p=2)
SDRAM reqs for core (0,1,1) is 477 KB (488476 bytes) for Placement(vertex=SYSTEM:ExtraMonitor, x=0, y=1, p=1)
SDRAM reqs for core (1,0,1) is 477 KB (488476 bytes) for Placement(vertex=SYSTEM:ExtraMonitor, x=1, y=0, p=1)
SDRAM reqs for core (1,1,1) is 477 KB (488476 bytes) for Placement(vertex=SYSTEM:ExtraMonitor, x=1, y=1, p=1)
SDRAM reqs for core (0,0,1) is 466 KB (477250 bytes) for Placement(vertex=SYSTEM:PacketGatherer(0,0), x=0, y=0, p=1)
SDRAM reqs for core (0,0,3) is 10 KB (10522.0 bytes) for Placement(vertex=SpikeSourceArrayVertex_1(0:0), x=0, y=0, p=3)
SDRAM reqs for core (0,0,4) is 10 KB (10522.0 bytes) for Placement(vertex=SpikeSourceArrayVertex_2(0:0), x=0, y=0, p=4)
SDRAM reqs for core (0,0,5) is 17 KB (18328.0 bytes) for Placement(vertex=latch(0:0), x=0, y=0, p=5)
**** Chip: (0, 0) has total memory usage of 981 KB (1005098.0 bytes) out of a max of 120575 KB (123469792 bytes)

**** Chip: (0, 1) has total memory usage of 477 KB (488476 bytes) out of a max of 120575 KB (123469792 bytes)

**** Chip: (1, 0) has total memory usage of 477 KB (488476 bytes) out of a max of 120575 KB (123469792 bytes)

**** Chip: (1, 1) has total memory usage of 477 KB (488476 bytes) out of a max of 120575 KB (123469792 bytes)


Actual space reserved on the machine
----------------------
Based on 3402797 timesteps

 core (0,0,2) Constant 488476 bytes
 core (0,1,1) Constant 488476 bytes
 core (1,0,1) Constant 488476 bytes
 core (1,1,1) Constant 488476 bytes
 core (0,0,1) Constant 477250 bytes
 core (0,0,3) Fixed 522 bytes Per_timestep 10.0 bytes for a total of 34028492.0
 core (0,0,4) Fixed 522 bytes Per_timestep 10.0 bytes for a total of 34028492.0
 core (0,0,5) Fixed 2328 bytes Per_timestep 16.0 bytes for a total of 54447080.0
     18: Fixed 16 bytes Per_timestep 16.0 bytes for a total of 54444768.0
     0: Constant 412 bytes
     15: Constant 124 bytes
     10: Constant 112 bytes
     11: Constant 4 bytes
     1: Constant 32 bytes
     2: Constant 64 bytes
     3: Constant 4 bytes
     9: Constant 68 bytes
     13: Constant 724 bytes
     16: Constant 64 bytes
     4: Constant 36 bytes
     7: Constant 0 bytes
     8: Constant 0 bytes
     6: Constant 64 bytes
     5: Constant 80 bytes
     12: Constant 408 bytes
     14: Constant 116 bytes
**** Chip: (0, 0) has total memory usage of 120575 KB (123469790.0 bytes) out of a max of 120575 KB (123469792 bytes)

**** Chip: (0, 1) has total memory usage of 477 KB (488476 bytes) out of a max of 120575 KB (123469792 bytes)

**** Chip: (1, 0) has total memory usage of 477 KB (488476 bytes) out of a max of 120575 KB (123469792 bytes)

**** Chip: (1, 1) has total memory usage of 477 KB (488476 bytes) out of a max of 120575 KB (123469792 bytes)

