SpYNNakerNeuronGraphNetworkSpecificationReport skipped as cfg Reports:write_network_graph is False
Network Specification report took 0:00:00.000255 
Splitter reset took 0:00:00.000005 
Spynnaker splitter selector took 0:00:00.000113 
DelaySupportAdder took 0:00:00.000182 
Splitter partitioner took 0:00:00.000660 
Machine generator took 0:00:00.013726 
Json machine skipped as cfg Reports:write_json_machine is False
Board chip report took 0:00:00.000407 
Command Sender Adder took 0:00:00.000088 
Split Live Gather Vertices took 0:00:00.000008 
Insert chip power monitors skipped as cfg Reports:write_energy_report is False
Insert extra monitor vertices took 0:00:00.000009 
Partitioner report took 0:00:00.000291 
Local TDMA builder took 0:00:00.000037 
Application Placer took 0:00:00.000289 
Placements wth application graph report took 0:00:00.000703 
Json placements skipped as cfg Reports:write_json_placements is False
System multicast routing generator took 0:00:00.000196 
Fixed route router took 0:00:00.000120 
Application Router took 0:00:00.000282 
Basic tag allocator took 0:00:00.000135 
Tag allocator report took 0:00:00.000265 
Zoned routing info allocator took 0:00:00.000225 
Router info report took 0:00:00.000451 
Merged routing table generator took 0:00:00.000121 
Uncompressed routing table report took 0:00:00.000390 
Router report skipped as cfg Reports:write_router_reports is False
Router summary report skipped as cfg Reports:write_router_summary_report is False
Json routing tables skipped as cfg Reports:write_json_routing_tables is False
Locate executable start type took 0:00:00.000037 
Buffer manager creator took 0:00:00.000021 
Write Neo Metadata took 0:00:00.012761 
Record vertex labels to database took 0:00:00.002020 
Routing setup took 0:00:00.089831 
Graph binary gatherer took 0:00:00.000460 
Pair on chip router compression skipped as Tables already small enough
SDRAM outgoing partition allocator took 0:00:00.000093 
Graph data specification writer took 0:00:00.042286 
Control Sync took 0:00:00.000179 
Load fixed routes took 0:00:00.015175 
Load system data specification took 0:00:00.129285 
Load executable system Images took 0:00:00.212586 
Tags Loader took 0:00:00.004937 
Load Application data specification took 0:00:00.630582 
Neuron expander took 0:00:00.563092 
Synapse expander took 0:00:00.583999 
Finish connection holders took 0:00:00.000229 
Routing table loader took 0:00:00.000847 
Bitfield compressor report skipped as cfg Reports:write_bit_field_compressor_report is False
Tags from machine report took 0:00:00.002082 
Memory report skipped as cfg Reports:write_memory_map_report is False
Memory report skipped as cfg Reports:write_memory_map_report is False
Compressor report took 0:00:00.001860 
Fixed route report took 0:00:00.001309 
Load executable app images took 0:00:01.112368 
Sdram usage per chip report took 0:00:00.000907 
Drift report skipped as cfg Reports:write_drift_report_start is False
Create database interface took 0:00:00.039310 
Create notification protocol took 0:00:00.000601 
Runtime Update took 0:00:00.021120 
Application runner took 0:00:00.358872 
Extract IO buff skipped as cfg Reports:extract_iobuf is False
Buffer extractor took 0:00:00.022215 
Clear IO buffer took 0:00:00.000430 
Graph provenance gatherer took 0:00:00.010263 
Placements provenance gatherer took 0:00:00.054860 
Router provenance gatherer took 0:00:00.078770 
Profile data gatherer took 0:00:00.046112 
Energy report skipped as cfg Reports:write_energy_report is False
Redundant packet count report took 0:00:00.004166 
Drift report skipped as cfg Reports:write_drift_report_end is False
Control Sync took 0:00:00.000181 
